// Jest Snapshot v1, https://goo.gl/fbAQLP

exports[`Testing <App/> App have rendered correctly 1`] = `
<div
  className="preloader-wrapper active"
>
  <div
    className="spinner-layer spinner-red-only"
  >
    <div
      className="circle-clipper left"
    >
      <div
        className="circle"
      />
    </div>
    <div
      className="gap-patch"
    >
      <div
        className="circle"
      />
    </div>
    <div
      className="circle-clipper right"
    >
      <div
        className="circle"
      />
    </div>
  </div>
</div>
`;
